gcc -g p3original.c
 ./a.out
enter the value of a and b
4 5
sum of 4+5=9
 gdb a.out
GNU gdb (Ubuntu 8.1.1-0ubuntu1) 8.1.1
Copyright (C) 2018 Free Software Foundation, Inc.
License GPLv3+: GNU GPL version 3 or later <http://gnu.org/licenses/gpl.html>
This is free software: you are free to change and redistribute it.
There is NO WARRANTY, to the extent permitted by law.  Type "show copying"
and "show warranty" for details.
This GDB was configured as "x86_64-linux-gnu".
Type "show configuration" for configuration details.
For bug reporting instructions, please see:
<http://www.gnu.org/software/gdb/bugs/>.
Find the GDB manual and other documentation resources online at:
<http://www.gnu.org/software/gdb/documentation/>.
For help, type "help".
Type "apropos word" to search for commands related to "word"...
Reading symbols from a.out...done.
(gdb) b main
Breakpoint 1 at 0x7fc: file p3original.c, line 16.
(gdb) r
Starting program: /home/runner/pps-test1-soumya232003-1/a.out 
warning: Error disabling address space randomization: Operation not permitted

Breakpoint 1, main () at p3original.c:16
16  {
(gdb) n
18  input(&x,&y);
(gdb) n
enter the value of a and b
4 5
19  add(x,y,&z);
(gdb) n
20  output(x,y,z);
(gdb) n
sum of 4+5=9
21  return 0;
(gdb) n
22  }
(gdb) q
A debugging session is active.

    Inferior 1 [process 163] will be killed.

Quit anyway? (y or n) y
 